=== PART 1: channel nonreciprocity floor ===
predictions FIRST (bias = pi cos(pi/4) f_D dt; std = sqrt((1-J0(2 pi f_D dt))/(4 K_eff)); K_eff from taps)
measured composite K_eff (TDL-D): 8.1 (= 9.1 dB)
 v m/s  dt ms | pred bias mrad pred std mrad
     1    1.0 |            6.8           1.7
     3    1.0 |           20.3           5.1
    10    1.0 |           67.8          16.9
    30    1.0 |          203.4          50.2
     3    0.1 |            2.0           0.5
     3   10.0 |          203.4          50.2
     1   10.0 |           67.8          16.9

measurements (frozen oscillators, CFO 0, SNR 40 dB, 120 exchanges x 3 seeds; exact = per-seed realization predictor from the tap sequence itself):
 v m/s  dt ms |  meas bias  meas std  pred bias  pred std exact bias exact std   lag1
     1    1.0 |       -6.8       2.9       -6.8       1.7       -6.7       2.9   0.03
     3    1.0 |      -20.4       7.9      -20.3       5.1      -20.4       8.9  -0.24
    10    1.0 |      -66.1      22.9      -67.8      16.9      -65.9      24.8  -0.37
    30    1.0 |     -199.6      69.0     -203.4      50.2     -199.7      77.0  -0.12
     3    0.1 |       -2.0       0.8       -2.0       0.5       -2.0       0.9  -0.24
     3   10.0 |     -200.3      86.0     -203.4      50.2     -203.8      79.6  -0.17
     1   10.0 |      -67.5      28.4      -67.8      16.9      -67.0      28.9   0.03

controls:
  v=0, dt=1ms (machinery null)           bias    0.02  std   0.08 mrad
  v=3, dt=1ms, SAME taps to reverse      bias   -0.01  std   0.24 mrad

=== PART 2: fractional-resampling floor vs exchange cadence ===
predictions FIRST (realization-exact: noiseless alignment profile of the same channel draw, at the exact visited carry sequence per direction)
   M  step smp | pred std mrad pred lag1
   1      0.08 |           5.7      0.47
   2      0.16 |           5.7      0.07
   4      0.33 |           5.6     -0.28
   8      0.66 |           5.6     -0.30
  16      1.31 |           5.6     -0.26
  32      2.62 |           5.6     -0.33

measurements (frozen oscillators, static channel, CFO 1500 Hz, SNR 40 dB):
   M |  meas std  pred std meas lag1 pred lag1
   1 |       5.7       5.7      0.47      0.47
   2 |       5.7       5.7      0.08      0.07
   4 |       5.6       5.6     -0.28     -0.28
   8 |       5.6       5.6     -0.29     -0.30
  16 |       5.6       5.6     -0.25     -0.26
  32 |       5.6       5.6     -0.31     -0.33

=== PART 3: intra-capture LO-walk floor per oscillator class ===
predictions FIRST (analytic approx + numerically exact component)
 class  sigma_pn | analytic mrad exact mrad
  ocxo   5.7e-05 |           1.6        1.7
  tcxo   5.7e-04 |          15.9       17.4
   sdr   2.9e-03 |          79.6       86.9

measurements (fresh seeds, thermal on at 40 dB, static, CFO 0):
 class |  meas std pred std (exact+thermal)
  ocxo |       1.6                      1.7
  tcxo |      16.2                     17.4
   sdr |      80.8                     86.9

=== PART 4: assembled budget at grid points ===
predictions FIRST (nonreciprocity + fractional terms use the seed-matched realization-exact predictors):
class   v  dt ms   M  SNR |    bias     std   (all mrad)
 tcxo   0    1.0   1   20 |    -0.0    33.2
 tcxo   3    1.0   1   40 |   -20.3    33.9
 tcxo   3   10.0   1   40 |  -203.4    84.4
 tcxo   0    1.0   8   20 |    -0.0    33.1
 ocxo   3   10.0   1   40 |  -203.4    72.0
  sdr   0    1.0   1   20 |    -0.0   111.0
 tcxo   3   10.0   8   20 |  -203.4    84.3
 ocxo   0    0.1   1   40 |    -0.0    25.2

measurements (everything on: fine taps, CFO 1500, turnaround advance + walk + CFO correction, class LO noise):
class   v  dt ms   M  SNR | meas bias meas std pred bias pred std  ratio
 tcxo   0    1.0   1   20 |      -1.3     33.2      -0.0     33.2   1.00
 tcxo   3    1.0   1   40 |     -20.7     31.8     -20.3     33.9   0.94
 tcxo   3   10.0   1   40 |    -207.8     79.5    -203.4     84.4   0.94
 tcxo   0    1.0   8   20 |      -1.1     31.8      -0.0     33.1   0.96
 ocxo   3   10.0   1   40 |    -203.2     64.2    -203.4     72.0   0.89
  sdr   0    1.0   1   20 |      -5.9    104.6      -0.0    111.0   0.94
 tcxo   3   10.0   8   20 |    -208.3     82.9    -203.4     84.3   0.98
 ocxo   0    0.1   1   40 |      -0.1     25.3      -0.0     25.2   1.00

saved openloop_floors_results.json
